PS C:\Users\sakura\OneDrive\Desktop\git_challenge> git add hello_world.txt
PS C:\Users\sakura\OneDrive\Desktop\git_challenge> git commit -m "Hellow,world!"
[main 941a7ed] Hellow,world!
 1 file changed, 2 deletions(-)
PS C:\Users\sakura\OneDrive\Desktop\git_challenge> echo "こんにちは、世界！" >> hello_world.txt           
PS C:\Users\sakura\OneDrive\Desktop\git_challenge> git add hello_world.txt
PS C:\Users\sakura\OneDrive\Desktop\git_challenge> git commit -m "日本語訳を追記"
[main a575124] 日本語訳を追記
 1 file changed, 0 insertions(+), 0 deletions(-)
PS C:\Users\sakura\OneDrive\Desktop\git_challenge> git log --oneline
a575124 (HEAD -> main) 日本語訳を追記
941a7ed Hellow,world!
4234d44 日本語訳を追記
f1cc8a9 hello_world.txtを追加