PS C:\Users\sakura\OneDrive\Desktop\git_challenge> git add hello_world.txt
PS C:\Users\sakura\OneDrive\Desktop\git_challenge> git commit -m "hello_world.txtを追加"
[main 3679938] hello_world.txtを追加
 1 file changed, 1 insertion(+), 2 deletions(-)
PS C:\Users\sakura\OneDrive\Desktop\git_challenge> git commit -m "日本語訳を追記"
[main dc4ff5b] 日本語訳を追記
 1 file changed, 2 insertions(+), 1 deletion(-)
PS C:\Users\sakura\OneDrive\Desktop\git_challenge> git log --oneline
dc4ff5b (HEAD -> main) 日本語訳を追記
3679938 hello_world.txtを追加